uart.c:35:6:uart_init_rs232	8	static
uart.c:41:6:HAL_UART_RxCpltCallback	24	static
uart.c:57:5:uart_read_byte	16	static
uart.c:67:6:uart_Rs232SendString	16	static
uart.c:73:6:uart_Rs232SendNum	32	static
uart.c:86:6:uart_ResetLineBuffer	8	static
uart.c:93:5:uart_ReadLine	24	static
uart.c:159:9:uart_ValidateInput	24	static
uart.c:193:9:uart_ParseNumber	24	static
uart.c:221:6:uart_StartTimeUpdate	24	static
uart.c:239:6:uart_ClearInputBuffer	8	static
uart.c:250:6:uart_StartTimeUpdateEx	24	static
uart.c:274:6:uart_ProcessTimeUpdate	152	static
uart.c:464:6:uart_ProcessTimeUpdateEx	88	static
